2026-07-11 02:05:22,508 | INFO | MQTT connected
2026-07-13 15:11:43,577 | INFO | MQTT connected to localhost
2026-07-13 15:11:43,647 | INFO | Motion update: False
2026-07-13 15:11:44,075 | ERROR | Failed to fetch sunset data: HTTP Error 403: Forbidden
2026-07-13 15:26:39,860 | INFO | MQTT connected to localhost
2026-07-13 15:26:39,945 | INFO | Motion update: False
2026-07-13 15:26:40,397 | ERROR | Failed to fetch sunset data: HTTP Error 403: Forbidden
2026-07-13 15:29:29,426 | INFO | MQTT connected to localhost
2026-07-13 15:29:29,485 | INFO | Motion update: False
2026-07-13 15:29:30,036 | INFO | Sunset times: sunrise 2026-07-13T03:18:48+00:00, sunset 2026-07-13T19:32:47+00:00
2026-07-13 15:31:53,899 | INFO | MQTT connected to localhost
2026-07-13 15:31:53,965 | INFO | Motion update: False
2026-07-13 15:31:54,457 | INFO | Sunset times: sunrise 2026-07-13T03:18:48+00:00, sunset 2026-07-13T19:32:47+00:00
2026-07-13 15:31:54,521 | INFO | Smart truck starting
2026-07-13 15:31:54,521 | ERROR | Main loop error: year 58490 is out of range
2026-07-13 15:31:55,025 | ERROR | Main loop error: year 58490 is out of range
2026-07-13 15:31:55,528 | ERROR | Main loop error: year 58490 is out of range
2026-07-13 15:31:56,030 | ERROR | Main loop error: year 58490 is out of range
2026-07-13 15:31:56,533 | ERROR | Main loop error: year 58490 is out of range
2026-07-13 15:31:57,035 | ERROR | Main loop error: year 58490 is out of range
2026-07-13 15:31:57,537 | ERROR | Main loop error: year 58490 is out of range
2026-07-13 15:31:58,040 | ERROR | Main loop error: year 58490 is out of range
2026-07-13 15:31:58,542 | ERROR | Main loop error: year 58490 is out of range
2026-07-13 15:31:59,047 | ERROR | Main loop error: year 58490 is out of range
2026-07-13 15:31:59,551 | ERROR | Main loop error: year 58490 is out of range
2026-07-13 15:32:00,055 | ERROR | Main loop error: year 58490 is out of range
2026-07-13 15:34:13,681 | INFO | MQTT connected to localhost
2026-07-13 15:34:13,741 | INFO | Motion update: False
2026-07-13 15:34:14,266 | INFO | Sunset times: sunrise 2026-07-13T03:18:48+00:00, sunset 2026-07-13T19:32:47+00:00
2026-07-13 15:34:14,293 | INFO | Smart truck starting
2026-07-13 15:34:14,344 | INFO | World version 1: {'drive_safe', 'temperature_hot', 'cargo_checked', 'rear_clear', 'humidity_ok'}
2026-07-13 15:34:14,345 | ERROR | Main loop error: cannot access local variable 'last_planned_version' where it is not associated with a value
2026-07-13 15:34:14,898 | ERROR | Main loop error: cannot access local variable 'last_planned_version' where it is not associated with a value
2026-07-13 15:34:15,451 | ERROR | Main loop error: cannot access local variable 'last_planned_version' where it is not associated with a value
2026-07-13 15:34:16,003 | ERROR | Main loop error: cannot access local variable 'last_planned_version' where it is not associated with a value
2026-07-13 15:34:16,556 | ERROR | Main loop error: cannot access local variable 'last_planned_version' where it is not associated with a value
2026-07-13 15:34:17,108 | ERROR | Main loop error: cannot access local variable 'last_planned_version' where it is not associated with a value
2026-07-13 15:34:17,661 | ERROR | Main loop error: cannot access local variable 'last_planned_version' where it is not associated with a value
2026-07-13 15:36:00,795 | INFO | MQTT connected to localhost
2026-07-13 15:36:00,857 | INFO | Motion update: False
2026-07-13 15:36:01,345 | INFO | Sunset times: sunrise 2026-07-13T03:18:48+00:00, sunset 2026-07-13T19:32:47+00:00
2026-07-13 15:36:01,371 | INFO | Smart truck starting
2026-07-13 15:36:01,423 | INFO | World version 1: {'cargo_checked', 'drive_safe', 'humidity_ok', 'temperature_hot', 'rear_clear'}
2026-07-13 15:36:02,598 | INFO | New plan: []
2026-07-13 15:36:02,599 | INFO | Relay 3 -> False
2026-07-13 15:36:02,600 | INFO | Relay 4 -> False
2026-07-13 15:36:02,600 | INFO | Driving lights OFF
2026-07-13 15:36:02,601 | INFO | Relay 2 -> False
2026-07-13 15:36:02,602 | INFO | Relay 1 -> False
2026-07-13 15:36:03,832 | INFO | New plan: []
2026-07-13 15:36:05,075 | INFO | New plan: []
2026-07-13 15:36:06,320 | INFO | New plan: []
2026-07-13 15:36:07,548 | INFO | New plan: []
2026-07-13 15:36:08,776 | INFO | New plan: []
2026-07-13 15:36:10,003 | INFO | New plan: []
2026-07-13 15:36:11,269 | INFO | New plan: []
2026-07-13 15:45:30,818 | INFO | MQTT connected to localhost
2026-07-13 15:45:30,877 | INFO | Motion update: False
2026-07-13 15:45:31,370 | INFO | Sunset times: sunrise 2026-07-13T03:18:48+00:00, sunset 2026-07-13T19:32:47+00:00
2026-07-13 15:45:31,396 | INFO | Smart truck starting
2026-07-13 15:45:31,448 | INFO | World version 1: {'humidity_ok', 'temperature_hot', 'rear_clear', 'drive_safe', 'cargo_checked'}
2026-07-13 15:45:31,448 | INFO | Predicates: {'humidity_ok', 'temperature_hot', 'rear_clear', 'drive_safe', 'cargo_checked'}
2026-07-13 15:45:32,139 | INFO | New plan: []
2026-07-13 15:45:32,140 | INFO | Plan empty — waiting for environment to change
2026-07-13 15:45:32,141 | INFO | Relay 3 -> False
2026-07-13 15:45:32,142 | INFO | Relay 4 -> False
2026-07-13 15:45:32,143 | INFO | Driving lights OFF
2026-07-13 15:45:32,143 | INFO | Relay 2 -> False
2026-07-13 15:45:32,144 | INFO | Relay 1 -> False
2026-07-13 16:35:05,959 | INFO | MQTT connected to localhost
2026-07-13 16:35:06,047 | INFO | Motion update: False
2026-07-13 16:35:06,547 | INFO | Sunset times: sunrise 2026-07-13T03:18:48+00:00, sunset 2026-07-13T19:32:47+00:00
2026-07-13 16:35:06,605 | INFO | Smart truck starting
2026-07-13 16:35:06,656 | INFO | World version 1: {'humidity_ok', 'rear_clear', 'temperature_hot', 'drive_safe', 'cargo_checked'}
2026-07-13 16:35:06,657 | INFO | Predicates: {'humidity_ok', 'rear_clear', 'temperature_hot', 'drive_safe', 'cargo_checked'}
2026-07-13 16:35:07,436 | INFO | New plan: []
2026-07-13 16:35:07,437 | INFO | Plan empty — waiting for environment to change
2026-07-13 16:35:07,437 | INFO | Relay 3 -> False
2026-07-13 16:35:07,438 | INFO | Relay 4 -> False
2026-07-13 16:35:07,439 | INFO | Driving lights OFF
2026-07-13 16:35:07,439 | INFO | Relay 2 -> False
2026-07-13 16:35:07,440 | INFO | Relay 1 -> False
2026-07-13 16:44:29,743 | INFO | MQTT connected to localhost
2026-07-13 16:44:29,831 | INFO | Motion update: False
2026-07-13 16:44:30,444 | INFO | Sunset times: sunrise 2026-07-13T03:18:48+00:00, sunset 2026-07-13T19:32:47+00:00
2026-07-13 16:44:30,497 | INFO | Smart truck starting
2026-07-13 16:44:30,501 | INFO | World version 1: {'temperature_hot', 'drive_safe', 'cargo_checked', 'rear_clear', 'humidity_ok'}
2026-07-13 16:44:30,502 | INFO | Predicates: {'temperature_hot', 'drive_safe', 'cargo_checked', 'rear_clear', 'humidity_ok'}
2026-07-13 16:44:31,268 | INFO | New plan: []
2026-07-13 16:44:31,269 | INFO | Plan empty — waiting for environment to change
2026-07-13 16:44:31,269 | INFO | Relay 3 -> False
2026-07-13 16:44:31,270 | INFO | Relay 4 -> False
2026-07-13 16:44:31,271 | INFO | Driving lights OFF
2026-07-13 16:44:31,271 | INFO | Relay 2 -> False
2026-07-13 16:44:31,272 | INFO | Relay 1 -> False
2026-07-13 16:58:54,335 | INFO | MQTT connected to localhost
2026-07-13 16:58:54,397 | INFO | Motion update: False
2026-07-13 16:58:54,975 | INFO | Sunset times: sunrise 2026-07-13T03:18:48+00:00, sunset 2026-07-13T19:32:47+00:00
2026-07-13 16:58:54,999 | WARNING | Hardware init failed (expected on non-RPi): [Errno 5] Input/output error
2026-07-13 16:58:55,000 | INFO | Smart truck starting
2026-07-13 16:58:55,004 | INFO | World version 1: {'drive_safe', 'humidity_ok', 'temperature_hot', 'cargo_checked', 'rear_clear'}
2026-07-13 16:58:55,004 | INFO | Predicates: {'drive_safe', 'humidity_ok', 'temperature_hot', 'cargo_checked', 'rear_clear'}
2026-07-13 16:58:55,695 | INFO | New plan: []
2026-07-13 16:58:55,696 | INFO | Plan empty — waiting for environment to change
2026-07-13 17:02:18,169 | INFO | MQTT connected to localhost
2026-07-13 17:02:18,241 | INFO | Motion update: False
2026-07-13 17:02:24,373 | INFO | Sunset times: sunrise 2026-07-13T03:18:48+00:00, sunset 2026-07-13T19:32:47+00:00
2026-07-13 17:02:24,439 | WARNING | Hardware init failed (expected on non-RPi): cannot import name 'buzzer' from 'hardware' (consider renaming '/home/pi/Goods-Stay-Good/app/hardware/__init__.py' if it has the same name as a library you intended to import)
2026-07-13 17:02:24,440 | INFO | Smart truck starting
2026-07-13 17:02:24,444 | INFO | World version 1: {'cargo_checked', 'humidity_ok', 'temperature_hot'}
2026-07-13 17:02:24,445 | INFO | Predicates: {'cargo_checked', 'humidity_ok', 'temperature_hot'}
2026-07-13 17:02:25,227 | INFO | New plan: []
2026-07-13 17:02:25,227 | INFO | Plan empty — waiting for environment to change
2026-07-13 17:02:49,906 | INFO | World version 2: {'cargo_checked', 'rear_clear', 'humidity_ok', 'temperature_hot', 'drive_safe'}
2026-07-13 17:02:49,907 | INFO | Predicates: {'cargo_checked', 'rear_clear', 'humidity_ok', 'temperature_hot', 'drive_safe'}
2026-07-13 17:02:50,640 | INFO | New plan: []
2026-07-13 17:02:50,641 | INFO | Plan empty — waiting for environment to change
2026-07-13 17:02:51,144 | INFO | World version 3: {'cargo_checked', 'humidity_ok', 'temperature_hot'}
2026-07-13 17:02:51,145 | INFO | Predicates: {'cargo_checked', 'humidity_ok', 'temperature_hot'}
2026-07-13 17:02:51,825 | INFO | New plan: []
2026-07-13 17:02:51,826 | INFO | Plan empty — waiting for environment to change
2026-07-13 17:02:53,336 | INFO | World version 4: {'cargo_checked', 'rear_clear', 'humidity_ok', 'temperature_hot', 'drive_safe'}
2026-07-13 17:02:53,336 | INFO | Predicates: {'cargo_checked', 'rear_clear', 'humidity_ok', 'temperature_hot', 'drive_safe'}
2026-07-13 17:02:54,015 | INFO | New plan: []
2026-07-13 17:02:54,015 | INFO | Plan empty — waiting for environment to change
2026-07-13 17:02:54,519 | INFO | World version 5: {'cargo_checked', 'humidity_ok', 'temperature_hot'}
2026-07-13 17:02:54,519 | INFO | Predicates: {'cargo_checked', 'humidity_ok', 'temperature_hot'}
2026-07-13 17:02:55,228 | INFO | New plan: []
2026-07-13 17:02:55,229 | INFO | Plan empty — waiting for environment to change
2026-07-13 17:02:56,739 | INFO | World version 6: {'cargo_checked', 'rear_clear', 'humidity_ok', 'temperature_hot', 'drive_safe'}
2026-07-13 17:02:56,740 | INFO | Predicates: {'cargo_checked', 'rear_clear', 'humidity_ok', 'temperature_hot', 'drive_safe'}
2026-07-13 17:02:57,417 | INFO | New plan: []
2026-07-13 17:02:57,418 | INFO | Plan empty — waiting for environment to change
2026-07-13 17:02:57,922 | INFO | World version 7: {'cargo_checked', 'humidity_ok', 'temperature_hot'}
2026-07-13 17:02:57,922 | INFO | Predicates: {'cargo_checked', 'humidity_ok', 'temperature_hot'}
2026-07-13 17:02:58,599 | INFO | New plan: []
2026-07-13 17:02:58,600 | INFO | Plan empty — waiting for environment to change
2026-07-13 17:03:01,118 | INFO | World version 8: {'cargo_checked', 'rear_clear', 'humidity_ok', 'temperature_hot', 'drive_safe'}
2026-07-13 17:03:01,122 | INFO | Predicates: {'cargo_checked', 'rear_clear', 'humidity_ok', 'temperature_hot', 'drive_safe'}
2026-07-13 17:03:01,848 | INFO | New plan: []
2026-07-13 17:03:01,848 | INFO | Plan empty — waiting for environment to change
2026-07-13 17:03:02,352 | INFO | World version 9: {'cargo_checked', 'humidity_ok', 'temperature_hot'}
2026-07-13 17:03:02,352 | INFO | Predicates: {'cargo_checked', 'humidity_ok', 'temperature_hot'}
2026-07-13 17:03:03,031 | INFO | New plan: []
2026-07-13 17:03:03,031 | INFO | Plan empty — waiting for environment to change
2026-07-13 17:03:22,670 | INFO | World version 10: {'cargo_checked', 'rear_clear', 'humidity_ok', 'temperature_hot', 'drive_safe'}
2026-07-13 17:03:22,671 | INFO | Predicates: {'cargo_checked', 'rear_clear', 'humidity_ok', 'temperature_hot', 'drive_safe'}
2026-07-13 17:03:23,380 | INFO | New plan: []
2026-07-13 17:03:23,380 | INFO | Plan empty — waiting for environment to change
2026-07-13 17:03:28,421 | INFO | World version 11: {'cargo_checked', 'humidity_ok', 'temperature_hot'}
2026-07-13 17:03:28,422 | INFO | Predicates: {'cargo_checked', 'humidity_ok', 'temperature_hot'}
2026-07-13 17:03:29,146 | INFO | New plan: []
2026-07-13 17:03:29,147 | INFO | Plan empty — waiting for environment to change
2026-07-13 17:03:29,651 | INFO | World version 12: {'cargo_checked', 'rear_clear', 'humidity_ok', 'temperature_hot', 'drive_safe'}
2026-07-13 17:03:29,651 | INFO | Predicates: {'cargo_checked', 'rear_clear', 'humidity_ok', 'temperature_hot', 'drive_safe'}
2026-07-13 17:03:30,329 | INFO | New plan: []
2026-07-13 17:03:30,329 | INFO | Plan empty — waiting for environment to change
2026-07-13 17:03:30,833 | INFO | World version 13: {'cargo_checked', 'humidity_ok', 'temperature_hot'}
2026-07-13 17:03:30,834 | INFO | Predicates: {'cargo_checked', 'humidity_ok', 'temperature_hot'}
2026-07-13 17:03:31,513 | INFO | New plan: []
2026-07-13 17:03:31,514 | INFO | Plan empty — waiting for environment to change
2026-07-13 17:03:38,564 | INFO | World version 14: {'cargo_checked', 'rear_clear', 'humidity_ok', 'temperature_hot', 'drive_safe'}
2026-07-13 17:03:38,565 | INFO | Predicates: {'cargo_checked', 'rear_clear', 'humidity_ok', 'temperature_hot', 'drive_safe'}
2026-07-13 17:03:39,278 | INFO | New plan: []
2026-07-13 17:03:39,278 | INFO | Plan empty — waiting for environment to change
2026-07-13 17:03:40,286 | INFO | World version 15: {'cargo_checked', 'humidity_ok', 'temperature_hot'}
2026-07-13 17:03:40,286 | INFO | Predicates: {'cargo_checked', 'humidity_ok', 'temperature_hot'}
2026-07-13 17:03:40,967 | INFO | New plan: []
2026-07-13 17:03:40,968 | INFO | Plan empty — waiting for environment to change
2026-07-13 17:03:41,975 | INFO | World version 16: {'cargo_checked', 'rear_clear', 'humidity_ok', 'temperature_hot', 'drive_safe'}
2026-07-13 17:03:41,976 | INFO | Predicates: {'cargo_checked', 'rear_clear', 'humidity_ok', 'temperature_hot', 'drive_safe'}
2026-07-13 17:03:42,652 | INFO | New plan: []
2026-07-13 17:03:42,653 | INFO | Plan empty — waiting for environment to change
2026-07-14 12:03:19,389 | INFO | MQTT connected to localhost
2026-07-14 12:03:19,490 | INFO | Motion update: False
2026-07-14 12:03:20,354 | INFO | Sunset times: sunrise 2026-07-14T03:19:56+00:00, sunset 2026-07-14T19:31:52+00:00
2026-07-14 12:03:20,436 | WARNING | Hardware init failed (expected on non-RPi): [Errno 5] Input/output error
2026-07-14 12:03:20,437 | INFO | Smart truck starting
2026-07-14 12:03:20,488 | INFO | World version 1: {'temperature_hot', 'drive_safe', 'rear_clear', 'humidity_ok', 'cargo_checked'}
2026-07-14 12:03:20,489 | INFO | Predicates: {'temperature_hot', 'drive_safe', 'rear_clear', 'humidity_ok', 'cargo_checked'}
2026-07-14 12:03:21,301 | INFO | New plan: []
2026-07-14 12:03:21,302 | INFO | Plan empty — waiting for environment to change
2026-07-14 13:00:14,870 | INFO | MQTT connected to localhost
2026-07-14 13:00:14,931 | INFO | Motion update: False
2026-07-14 13:00:15,408 | INFO | Sunset times: sunrise 2026-07-14T03:19:56+00:00, sunset 2026-07-14T19:31:52+00:00
2026-07-14 13:00:15,432 | WARNING | Hardware init failed (expected on non-RPi): [Errno 5] Input/output error
2026-07-14 13:00:15,433 | INFO | Smart truck starting
2026-07-14 13:00:15,484 | INFO | World version 1: {'humidity_ok', 'cargo_checked', 'rear_clear', 'drive_safe', 'temperature_hot'}
2026-07-14 13:00:15,485 | INFO | Predicates: {'humidity_ok', 'cargo_checked', 'rear_clear', 'drive_safe', 'temperature_hot'}
2026-07-14 13:00:16,209 | INFO | New plan: []
2026-07-14 13:00:16,209 | INFO | Plan empty — waiting for environment to change
2026-07-17 03:39:07,454 | INFO | MQTT connected to localhost
2026-07-17 03:42:43,539 | INFO | MQTT connected to localhost
